// Jest Snapshot v1, https://goo.gl/fbAQLP

exports[`POST /auth/password/reset should not allow a password change if password and passwordConfirm are not equal: errors 1`] = `
Array [
  Object {
    "location": "body",
    "msg": "Passwords don't match",
    "param": "passwordConfirm",
    "value": "other_password",
  },
]
`;
